../Core/Src/main.c:83:8:rad2deg	24	static
../Core/Src/main.c:94:6:Odometer_Init	16	static
../Core/Src/main.c:105:6:odometry	16	static
../Core/Src/main.c:126:6:process_data	48	static
../Core/Src/main.c:139:6:HAL_UART_TxCpltCallback	16	static
../Core/Src/main.c:149:6:HAL_TIM_PeriodElapsedCallback	16	static
../Core/Src/main.c:215:5:main	8	static
../Core/Src/main.c:274:6:SystemClock_Config	72	static
../Core/Src/main.c:311:13:MX_TIM1_Init	56	static
../Core/Src/main.c:361:13:MX_TIM2_Init	56	static
../Core/Src/main.c:410:13:MX_TIM3_Init	56	static
../Core/Src/main.c:459:13:MX_TIM4_Init	32	static
../Core/Src/main.c:504:13:MX_USART2_UART_Init	8	static
../Core/Src/main.c:537:13:MX_USART3_UART_Init	8	static
../Core/Src/main.c:568:13:MX_DMA_Init	16	static
../Core/Src/main.c:589:13:MX_GPIO_Init	40	static
../Core/Src/main.c:623:6:Error_Handler	4	static,ignoring_inline_asm
